{
  "Entries": [
    {
      "RequestUri": "/subscriptions/422b6c61-95b0-4213-b3be-7282315df71d/resourceGroups/mo-resources-eus/providers/Microsoft.Automation/automationAccounts/mo-aaa-eus2/softwareUpdateConfigurations/mo-onetime-01?api-version=2017-05-15-preview",
      "EncodedRequestUri": "L3N1YnNjcmlwdGlvbnMvNDIyYjZjNjEtOTViMC00MjEzLWIzYmUtNzI4MjMxNWRmNzFkL3Jlc291cmNlR3JvdXBzL21vLXJlc291cmNlcy1ldXMvcHJvdmlkZXJzL01pY3Jvc29mdC5BdXRvbWF0aW9uL2F1dG9tYXRpb25BY2NvdW50cy9tby1hYWEtZXVzMi9zb2Z0d2FyZVVwZGF0ZUNvbmZpZ3VyYXRpb25zL21vLW9uZXRpbWUtMDE/YXBpLXZlcnNpb249MjAxNy0wNS0xNS1wcmV2aWV3",
      "RequestMethod": "PUT",
      "RequestBody": "{\r\n  \"properties\": {\r\n    \"updateConfiguration\": {\r\n      \"operatingSystem\": \"Windows\",\r\n      \"windows\": {},\r\n      \"duration\": \"PT2H\",\r\n      \"azureVirtualMachines\": [\r\n        \"/subscriptions/422b6c61-95b0-4213-b3be-7282315df71d/resourceGroups/mo-compute/providers/Microsoft.Compute/virtualMachines/mo-vm-w-01\",\r\n        \"/subscriptions/422b6c61-95b0-4213-b3be-7282315df71d/resourceGroups/mo-compute/providers/Microsoft.Compute/virtualMachines/mo-vm-w-02\"\r\n      ]\r\n    },\r\n    \"scheduleInfo\": {\r\n      \"startTime\": \"2018-05-22T16:16:15.1983466-07:00\",\r\n      \"expiryTime\": \"9999-12-31T15:59:59.9999999-08:00\",\r\n      \"expiryTimeOffsetMinutes\": 0.0,\r\n      \"isEnabled\": false,\r\n      \"nextRunOffsetMinutes\": 0.0,\r\n      \"frequency\": \"Onetime\",\r\n      \"creationTime\": \"0001-01-01T00:00:00-08:00\",\r\n      \"lastModifiedTime\": \"0001-01-01T00:00:00-08:00\"\r\n    }\r\n  }\r\n}",
      "RequestHeaders": {
        "Content-Type": [
          "application/json; charset=utf-8"
        ],
        "Content-Length": [
          "868"
        ],
        "x-ms-client-request-id": [
          "acc91c53-527e-49c8-988f-6112132b2eca"
        ],
        "accept-language": [
          "en-US"
        ],
        "User-Agent": [
          "FxVersion/4.7.2650.0",
          "OSName/Windows10Enterprise",
          "OSVersion/6.3.16299",
          "Microsoft.Azure.Management.Automation.AutomationClient/3.0.2.0"
        ],
        "x-ms-activity-id": [
          "b0953911-dfa0-4477-a8b8-d1f7fbae200d"
        ]
      },
      "ResponseBody": "{\r\n  \"id\": \"/subscriptions/422b6c61-95b0-4213-b3be-7282315df71d/resourceGroups/mo-resources-eus/providers/Microsoft.Automation/automationAccounts/mo-aaa-eus2/softwareUpdateConfigurations/mo-onetime-01\",\r\n  \"name\": \"mo-onetime-01\",\r\n  \"type\": null,\r\n  \"properties\": {\r\n    \"updateConfiguration\": {\r\n      \"operatingSystem\": \"Windows\",\r\n      \"windows\": {\r\n        \"includedUpdateClassifications\": \"Unclassified\",\r\n        \"excludedKbNumbers\": null\r\n      },\r\n      \"linux\": null,\r\n      \"duration\": \"PT2H\",\r\n      \"azureVirtualMachines\": [\r\n        \"/subscriptions/422b6c61-95b0-4213-b3be-7282315df71d/resourceGroups/mo-compute/providers/Microsoft.Compute/virtualMachines/mo-vm-w-01\",\r\n        \"/subscriptions/422b6c61-95b0-4213-b3be-7282315df71d/resourceGroups/mo-compute/providers/Microsoft.Compute/virtualMachines/mo-vm-w-02\"\r\n      ],\r\n      \"nonAzureComputerNames\": null\r\n    },\r\n    \"scheduleInfo\": {\r\n      \"description\": null,\r\n      \"startTime\": \"2018-05-22T16:16:00-07:00\",\r\n      \"startTimeOffsetMinutes\": 0.0,\r\n      \"expiryTime\": \"2018-05-22T16:16:00-07:00\",\r\n      \"expiryTimeOffsetMinutes\": 0.0,\r\n      \"isEnabled\": true,\r\n      \"nextRun\": \"2018-05-22T16:16:00-07:00\",\r\n      \"nextRunOffsetMinutes\": 0.0,\r\n      \"interval\": null,\r\n      \"frequency\": \"OneTime\",\r\n      \"creationTime\": \"2018-05-22T16:06:16.777-07:00\",\r\n      \"lastModifiedTime\": \"2018-05-22T16:06:16.777-07:00\",\r\n      \"timeZone\": \"UTC\",\r\n      \"advancedSchedule\": null\r\n    },\r\n    \"provisioningState\": \"Provisioning\",\r\n    \"createdBy\": \"{scrubbed}\",\r\n    \"error\": null,\r\n    \"creationTime\": \"2018-05-22T16:06:17.417-07:00\",\r\n    \"lastModifiedBy\": null,\r\n    \"lastModifiedTime\": \"2018-05-22T16:06:17.417-07:00\"\r\n  }\r\n}",
      "ResponseHeaders": {
        "Content-Length": [
          "1366"
        ],
        "Content-Type": [
          "application/json; charset=utf-8"
        ],
        "Expires": [
          "-1"
        ],
        "Pragma": [
          "no-cache"
        ],
        "x-ms-request-id": [
          "b0953911-dfa0-4477-a8b8-d1f7fbae200d"
        ],
        "x-ms-location": [
          "https://management.azure.com/subscriptions/422b6c61-95b0-4213-b3be-7282315df71d/resourceGroups/mo-resources-eus/providers/Microsoft.Automation/automationAccounts/mo-aaa-eus2/softwareUpdateConfigurations/mo-onetime-01?api-version=2017-05-15-preview"
        ],
        "ocp-location": [
          "https://management.azure.com/subscriptions/422b6c61-95b0-4213-b3be-7282315df71d/resourceGroups/mo-resources-eus/providers/Microsoft.Automation/automationAccounts/mo-aaa-eus2/softwareUpdateConfigurations/mo-onetime-01?api-version=2017-05-15-preview"
        ],
        "Strict-Transport-Security": [
          "max-age=31536000; includeSubDomains"
        ],
        "x-ms-ratelimit-remaining-subscription-writes": [
          "1199"
        ],
        "x-ms-correlation-request-id": [
          "65cf9f3b-3aa4-4394-957e-0fb72fb0bd1f"
        ],
        "x-ms-routing-request-id": [
          "WESTUS2:20180522T230617Z:65cf9f3b-3aa4-4394-957e-0fb72fb0bd1f"
        ],
        "X-Content-Type-Options": [
          "nosniff"
        ],
        "Cache-Control": [
          "no-cache"
        ],
        "Date": [
          "Tue, 22 May 2018 23:06:17 GMT"
        ],
        "Location": [
          "https://management.azure.com/subscriptions/422b6c61-95b0-4213-b3be-7282315df71d/resourceGroups/mo-resources-eus/providers/Microsoft.Automation/automationAccounts/mo-aaa-eus2/softwareUpdateConfigurations/mo-onetime-01?api-version=2017-05-15-preview"
        ],
        "Server": [
          "Microsoft-IIS/8.5"
        ],
        "X-AspNet-Version": [
          "4.0.30319"
        ],
        "X-Powered-By": [
          "ASP.NET"
        ]
      },
      "StatusCode": 201
    },
    {
      "RequestUri": "/subscriptions/422b6c61-95b0-4213-b3be-7282315df71d/resourceGroups/mo-resources-eus/providers/Microsoft.Automation/automationAccounts/mo-aaa-eus2/softwareUpdateConfigurations/mo-onetime-01?api-version=2017-05-15-preview",
      "EncodedRequestUri": "L3N1YnNjcmlwdGlvbnMvNDIyYjZjNjEtOTViMC00MjEzLWIzYmUtNzI4MjMxNWRmNzFkL3Jlc291cmNlR3JvdXBzL21vLXJlc291cmNlcy1ldXMvcHJvdmlkZXJzL01pY3Jvc29mdC5BdXRvbWF0aW9uL2F1dG9tYXRpb25BY2NvdW50cy9tby1hYWEtZXVzMi9zb2Z0d2FyZVVwZGF0ZUNvbmZpZ3VyYXRpb25zL21vLW9uZXRpbWUtMDE/YXBpLXZlcnNpb249MjAxNy0wNS0xNS1wcmV2aWV3",
      "RequestMethod": "GET",
      "RequestBody": "",
      "RequestHeaders": {
        "x-ms-client-request-id": [
          "0a807402-f088-4d0b-98c5-3041d934ddf6"
        ],
        "accept-language": [
          "en-US"
        ],
        "User-Agent": [
          "FxVersion/4.7.2650.0",
          "OSName/Windows10Enterprise",
          "OSVersion/6.3.16299",
          "Microsoft.Azure.Management.Automation.AutomationClient/3.0.2.0"
        ],
        "x-ms-activity-id": [
          "8cb7b458-0cad-4d5d-89c9-84d43fa96860"
        ]
      },
      "ResponseBody": "{\r\n  \"id\": \"/subscriptions/422b6c61-95b0-4213-b3be-7282315df71d/resourceGroups/mo-resources-eus/providers/Microsoft.Automation/automationAccounts/mo-aaa-eus2/softwareUpdateConfigurations/mo-onetime-01\",\r\n  \"name\": \"mo-onetime-01\",\r\n  \"type\": null,\r\n  \"properties\": {\r\n    \"updateConfiguration\": {\r\n      \"operatingSystem\": \"Windows\",\r\n      \"windows\": {\r\n        \"includedUpdateClassifications\": \"Unclassified\",\r\n        \"excludedKbNumbers\": null\r\n      },\r\n      \"linux\": null,\r\n      \"duration\": \"PT2H\",\r\n      \"azureVirtualMachines\": [\r\n        \"/subscriptions/422b6c61-95b0-4213-b3be-7282315df71d/resourceGroups/mo-compute/providers/Microsoft.Compute/virtualMachines/mo-vm-w-01\",\r\n        \"/subscriptions/422b6c61-95b0-4213-b3be-7282315df71d/resourceGroups/mo-compute/providers/Microsoft.Compute/virtualMachines/mo-vm-w-02\"\r\n      ],\r\n      \"nonAzureComputerNames\": null\r\n    },\r\n    \"scheduleInfo\": {\r\n      \"description\": null,\r\n      \"startTime\": \"2018-05-22T16:16:00-07:00\",\r\n      \"startTimeOffsetMinutes\": 0.0,\r\n      \"expiryTime\": \"2018-05-22T16:16:00-07:00\",\r\n      \"expiryTimeOffsetMinutes\": 0.0,\r\n      \"isEnabled\": true,\r\n      \"nextRun\": \"2018-05-22T16:16:00-07:00\",\r\n      \"nextRunOffsetMinutes\": 0.0,\r\n      \"interval\": null,\r\n      \"frequency\": \"OneTime\",\r\n      \"creationTime\": \"2018-05-22T16:06:16.777-07:00\",\r\n      \"lastModifiedTime\": \"2018-05-22T16:06:16.777-07:00\",\r\n      \"timeZone\": \"UTC\",\r\n      \"advancedSchedule\": null\r\n    },\r\n    \"provisioningState\": \"Provisioning\",\r\n    \"createdBy\": \"{scrubbed}\",\r\n    \"error\": null,\r\n    \"creationTime\": \"2018-05-22T16:06:17.417-07:00\",\r\n    \"lastModifiedBy\": null,\r\n    \"lastModifiedTime\": \"2018-05-22T16:06:17.417-07:00\"\r\n  }\r\n}",
      "ResponseHeaders": {
        "Content-Length": [
          "1366"
        ],
        "Content-Type": [
          "application/json; charset=utf-8"
        ],
        "Expires": [
          "-1"
        ],
        "Pragma": [
          "no-cache"
        ],
        "x-ms-request-id": [
          "8cb7b458-0cad-4d5d-89c9-84d43fa96860"
        ],
        "Strict-Transport-Security": [
          "max-age=31536000; includeSubDomains"
        ],
        "x-ms-ratelimit-remaining-subscription-reads": [
          "14994"
        ],
        "x-ms-correlation-request-id": [
          "1946d6de-13e6-45c1-bd03-17205437891d"
        ],
        "x-ms-routing-request-id": [
          "WESTUS2:20180522T230617Z:1946d6de-13e6-45c1-bd03-17205437891d"
        ],
        "X-Content-Type-Options": [
          "nosniff"
        ],
        "Cache-Control": [
          "no-cache"
        ],
        "Date": [
          "Tue, 22 May 2018 23:06:17 GMT"
        ],
        "Server": [
          "Microsoft-IIS/8.5"
        ],
        "X-AspNet-Version": [
          "4.0.30319"
        ],
        "X-Powered-By": [
          "ASP.NET"
        ]
      },
      "StatusCode": 200
    },
    {
      "RequestUri": "/subscriptions/422b6c61-95b0-4213-b3be-7282315df71d/resourceGroups/mo-resources-eus/providers/Microsoft.Automation/automationAccounts/mo-aaa-eus2/softwareUpdateConfigurations/mo-onetime-01?api-version=2017-05-15-preview",
      "EncodedRequestUri": "L3N1YnNjcmlwdGlvbnMvNDIyYjZjNjEtOTViMC00MjEzLWIzYmUtNzI4MjMxNWRmNzFkL3Jlc291cmNlR3JvdXBzL21vLXJlc291cmNlcy1ldXMvcHJvdmlkZXJzL01pY3Jvc29mdC5BdXRvbWF0aW9uL2F1dG9tYXRpb25BY2NvdW50cy9tby1hYWEtZXVzMi9zb2Z0d2FyZVVwZGF0ZUNvbmZpZ3VyYXRpb25zL21vLW9uZXRpbWUtMDE/YXBpLXZlcnNpb249MjAxNy0wNS0xNS1wcmV2aWV3",
      "RequestMethod": "GET",
      "RequestBody": "",
      "RequestHeaders": {
        "x-ms-client-request-id": [
          "506328da-b5ba-4c1c-8e68-6d60e99ad6fc"
        ],
        "accept-language": [
          "en-US"
        ],
        "User-Agent": [
          "FxVersion/4.7.2650.0",
          "OSName/Windows10Enterprise",
          "OSVersion/6.3.16299",
          "Microsoft.Azure.Management.Automation.AutomationClient/3.0.2.0"
        ],
        "x-ms-activity-id": [
          "e617b537-0b2f-4565-83cb-787a977faeec"
        ]
      },
      "ResponseBody": "{\r\n  \"id\": \"/subscriptions/422b6c61-95b0-4213-b3be-7282315df71d/resourceGroups/mo-resources-eus/providers/Microsoft.Automation/automationAccounts/mo-aaa-eus2/softwareUpdateConfigurations/mo-onetime-01\",\r\n  \"name\": \"mo-onetime-01\",\r\n  \"type\": null,\r\n  \"properties\": {\r\n    \"updateConfiguration\": {\r\n      \"operatingSystem\": \"Windows\",\r\n      \"windows\": {\r\n        \"includedUpdateClassifications\": \"Unclassified\",\r\n        \"excludedKbNumbers\": null\r\n      },\r\n      \"linux\": null,\r\n      \"duration\": \"PT2H\",\r\n      \"azureVirtualMachines\": [\r\n        \"/subscriptions/422b6c61-95b0-4213-b3be-7282315df71d/resourceGroups/mo-compute/providers/Microsoft.Compute/virtualMachines/mo-vm-w-01\",\r\n        \"/subscriptions/422b6c61-95b0-4213-b3be-7282315df71d/resourceGroups/mo-compute/providers/Microsoft.Compute/virtualMachines/mo-vm-w-02\"\r\n      ],\r\n      \"nonAzureComputerNames\": null\r\n    },\r\n    \"scheduleInfo\": {\r\n      \"description\": null,\r\n      \"startTime\": \"2018-05-22T16:16:00-07:00\",\r\n      \"startTimeOffsetMinutes\": 0.0,\r\n      \"expiryTime\": \"2018-05-22T16:16:00-07:00\",\r\n      \"expiryTimeOffsetMinutes\": 0.0,\r\n      \"isEnabled\": true,\r\n      \"nextRun\": \"2018-05-22T16:16:00-07:00\",\r\n      \"nextRunOffsetMinutes\": 0.0,\r\n      \"interval\": null,\r\n      \"frequency\": \"OneTime\",\r\n      \"creationTime\": \"2018-05-22T16:06:16.777-07:00\",\r\n      \"lastModifiedTime\": \"2018-05-22T16:06:16.777-07:00\",\r\n      \"timeZone\": \"UTC\",\r\n      \"advancedSchedule\": null\r\n    },\r\n    \"provisioningState\": \"Provisioning\",\r\n    \"createdBy\": \"{scrubbed}\",\r\n    \"error\": null,\r\n    \"creationTime\": \"2018-05-22T16:06:17.417-07:00\",\r\n    \"lastModifiedBy\": null,\r\n    \"lastModifiedTime\": \"2018-05-22T16:06:17.417-07:00\"\r\n  }\r\n}",
      "ResponseHeaders": {
        "Content-Length": [
          "1366"
        ],
        "Content-Type": [
          "application/json; charset=utf-8"
        ],
        "Expires": [
          "-1"
        ],
        "Pragma": [
          "no-cache"
        ],
        "x-ms-request-id": [
          "e617b537-0b2f-4565-83cb-787a977faeec"
        ],
        "Strict-Transport-Security": [
          "max-age=31536000; includeSubDomains"
        ],
        "x-ms-ratelimit-remaining-subscription-reads": [
          "14993"
        ],
        "x-ms-correlation-request-id": [
          "1b29e09e-9528-4bc1-8e70-74fb3e56367d"
        ],
        "x-ms-routing-request-id": [
          "WESTUS2:20180522T230622Z:1b29e09e-9528-4bc1-8e70-74fb3e56367d"
        ],
        "X-Content-Type-Options": [
          "nosniff"
        ],
        "Cache-Control": [
          "no-cache"
        ],
        "Date": [
          "Tue, 22 May 2018 23:06:22 GMT"
        ],
        "Server": [
          "Microsoft-IIS/8.5"
        ],
        "X-AspNet-Version": [
          "4.0.30319"
        ],
        "X-Powered-By": [
          "ASP.NET"
        ]
      },
      "StatusCode": 200
    },
    {
      "RequestUri": "/subscriptions/422b6c61-95b0-4213-b3be-7282315df71d/resourceGroups/mo-resources-eus/providers/Microsoft.Automation/automationAccounts/mo-aaa-eus2/softwareUpdateConfigurations/mo-onetime-01?api-version=2017-05-15-preview",
      "EncodedRequestUri": "L3N1YnNjcmlwdGlvbnMvNDIyYjZjNjEtOTViMC00MjEzLWIzYmUtNzI4MjMxNWRmNzFkL3Jlc291cmNlR3JvdXBzL21vLXJlc291cmNlcy1ldXMvcHJvdmlkZXJzL01pY3Jvc29mdC5BdXRvbWF0aW9uL2F1dG9tYXRpb25BY2NvdW50cy9tby1hYWEtZXVzMi9zb2Z0d2FyZVVwZGF0ZUNvbmZpZ3VyYXRpb25zL21vLW9uZXRpbWUtMDE/YXBpLXZlcnNpb249MjAxNy0wNS0xNS1wcmV2aWV3",
      "RequestMethod": "GET",
      "RequestBody": "",
      "RequestHeaders": {
        "x-ms-client-request-id": [
          "c9fbb089-0690-49ba-a5f0-cbfb3c0b829f"
        ],
        "accept-language": [
          "en-US"
        ],
        "User-Agent": [
          "FxVersion/4.7.2650.0",
          "OSName/Windows10Enterprise",
          "OSVersion/6.3.16299",
          "Microsoft.Azure.Management.Automation.AutomationClient/3.0.2.0"
        ],
        "x-ms-activity-id": [
          "40b14a94-9b16-40fd-b457-eca3ae37ac45"
        ]
      },
      "ResponseBody": "{\r\n  \"id\": \"/subscriptions/422b6c61-95b0-4213-b3be-7282315df71d/resourceGroups/mo-resources-eus/providers/Microsoft.Automation/automationAccounts/mo-aaa-eus2/softwareUpdateConfigurations/mo-onetime-01\",\r\n  \"name\": \"mo-onetime-01\",\r\n  \"type\": null,\r\n  \"properties\": {\r\n    \"updateConfiguration\": {\r\n      \"operatingSystem\": \"Windows\",\r\n      \"windows\": {\r\n        \"includedUpdateClassifications\": \"Unclassified\",\r\n        \"excludedKbNumbers\": null\r\n      },\r\n      \"linux\": null,\r\n      \"duration\": \"PT2H\",\r\n      \"azureVirtualMachines\": [\r\n        \"/subscriptions/422b6c61-95b0-4213-b3be-7282315df71d/resourceGroups/mo-compute/providers/Microsoft.Compute/virtualMachines/mo-vm-w-01\",\r\n        \"/subscriptions/422b6c61-95b0-4213-b3be-7282315df71d/resourceGroups/mo-compute/providers/Microsoft.Compute/virtualMachines/mo-vm-w-02\"\r\n      ],\r\n      \"nonAzureComputerNames\": null\r\n    },\r\n    \"scheduleInfo\": {\r\n      \"description\": null,\r\n      \"startTime\": \"2018-05-22T16:16:00-07:00\",\r\n      \"startTimeOffsetMinutes\": 0.0,\r\n      \"expiryTime\": \"2018-05-22T16:16:00-07:00\",\r\n      \"expiryTimeOffsetMinutes\": 0.0,\r\n      \"isEnabled\": true,\r\n      \"nextRun\": \"2018-05-22T16:16:00-07:00\",\r\n      \"nextRunOffsetMinutes\": 0.0,\r\n      \"interval\": null,\r\n      \"frequency\": \"OneTime\",\r\n      \"creationTime\": \"2018-05-22T16:06:16.777-07:00\",\r\n      \"lastModifiedTime\": \"2018-05-22T16:06:16.777-07:00\",\r\n      \"timeZone\": \"UTC\",\r\n      \"advancedSchedule\": null\r\n    },\r\n    \"provisioningState\": \"Provisioning\",\r\n    \"createdBy\": \"{scrubbed}\",\r\n    \"error\": null,\r\n    \"creationTime\": \"2018-05-22T16:06:17.417-07:00\",\r\n    \"lastModifiedBy\": null,\r\n    \"lastModifiedTime\": \"2018-05-22T16:06:17.417-07:00\"\r\n  }\r\n}",
      "ResponseHeaders": {
        "Content-Length": [
          "1366"
        ],
        "Content-Type": [
          "application/json; charset=utf-8"
        ],
        "Expires": [
          "-1"
        ],
        "Pragma": [
          "no-cache"
        ],
        "x-ms-request-id": [
          "40b14a94-9b16-40fd-b457-eca3ae37ac45"
        ],
        "Strict-Transport-Security": [
          "max-age=31536000; includeSubDomains"
        ],
        "x-ms-ratelimit-remaining-subscription-reads": [
          "14992"
        ],
        "x-ms-correlation-request-id": [
          "1dafc7c3-6b8e-4fbd-bb24-8047ec862b34"
        ],
        "x-ms-routing-request-id": [
          "WESTUS2:20180522T230627Z:1dafc7c3-6b8e-4fbd-bb24-8047ec862b34"
        ],
        "X-Content-Type-Options": [
          "nosniff"
        ],
        "Cache-Control": [
          "no-cache"
        ],
        "Date": [
          "Tue, 22 May 2018 23:06:27 GMT"
        ],
        "Server": [
          "Microsoft-IIS/8.5"
        ],
        "X-AspNet-Version": [
          "4.0.30319"
        ],
        "X-Powered-By": [
          "ASP.NET"
        ]
      },
      "StatusCode": 200
    },
    {
      "RequestUri": "/subscriptions/422b6c61-95b0-4213-b3be-7282315df71d/resourceGroups/mo-resources-eus/providers/Microsoft.Automation/automationAccounts/mo-aaa-eus2/softwareUpdateConfigurations/mo-onetime-01?api-version=2017-05-15-preview",
      "EncodedRequestUri": "L3N1YnNjcmlwdGlvbnMvNDIyYjZjNjEtOTViMC00MjEzLWIzYmUtNzI4MjMxNWRmNzFkL3Jlc291cmNlR3JvdXBzL21vLXJlc291cmNlcy1ldXMvcHJvdmlkZXJzL01pY3Jvc29mdC5BdXRvbWF0aW9uL2F1dG9tYXRpb25BY2NvdW50cy9tby1hYWEtZXVzMi9zb2Z0d2FyZVVwZGF0ZUNvbmZpZ3VyYXRpb25zL21vLW9uZXRpbWUtMDE/YXBpLXZlcnNpb249MjAxNy0wNS0xNS1wcmV2aWV3",
      "RequestMethod": "GET",
      "RequestBody": "",
      "RequestHeaders": {
        "x-ms-client-request-id": [
          "15960380-b377-4583-9341-a1afc6e445a8"
        ],
        "accept-language": [
          "en-US"
        ],
        "User-Agent": [
          "FxVersion/4.7.2650.0",
          "OSName/Windows10Enterprise",
          "OSVersion/6.3.16299",
          "Microsoft.Azure.Management.Automation.AutomationClient/3.0.2.0"
        ],
        "x-ms-activity-id": [
          "64c5ae02-42df-4ce5-8a4e-db4e78f9d949"
        ]
      },
      "ResponseBody": "{\r\n  \"id\": \"/subscriptions/422b6c61-95b0-4213-b3be-7282315df71d/resourceGroups/mo-resources-eus/providers/Microsoft.Automation/automationAccounts/mo-aaa-eus2/softwareUpdateConfigurations/mo-onetime-01\",\r\n  \"name\": \"mo-onetime-01\",\r\n  \"type\": null,\r\n  \"properties\": {\r\n    \"updateConfiguration\": {\r\n      \"operatingSystem\": \"Windows\",\r\n      \"windows\": {\r\n        \"includedUpdateClassifications\": \"Unclassified\",\r\n        \"excludedKbNumbers\": null\r\n      },\r\n      \"linux\": null,\r\n      \"duration\": \"PT2H\",\r\n      \"azureVirtualMachines\": [\r\n        \"/subscriptions/422b6c61-95b0-4213-b3be-7282315df71d/resourceGroups/mo-compute/providers/Microsoft.Compute/virtualMachines/mo-vm-w-01\",\r\n        \"/subscriptions/422b6c61-95b0-4213-b3be-7282315df71d/resourceGroups/mo-compute/providers/Microsoft.Compute/virtualMachines/mo-vm-w-02\"\r\n      ],\r\n      \"nonAzureComputerNames\": null\r\n    },\r\n    \"scheduleInfo\": {\r\n      \"description\": null,\r\n      \"startTime\": \"2018-05-22T16:16:00-07:00\",\r\n      \"startTimeOffsetMinutes\": 0.0,\r\n      \"expiryTime\": \"2018-05-22T16:16:00-07:00\",\r\n      \"expiryTimeOffsetMinutes\": 0.0,\r\n      \"isEnabled\": true,\r\n      \"nextRun\": \"2018-05-22T16:16:00-07:00\",\r\n      \"nextRunOffsetMinutes\": 0.0,\r\n      \"interval\": null,\r\n      \"frequency\": \"OneTime\",\r\n      \"creationTime\": \"2018-05-22T16:06:16.777-07:00\",\r\n      \"lastModifiedTime\": \"2018-05-22T16:06:16.777-07:00\",\r\n      \"timeZone\": \"UTC\",\r\n      \"advancedSchedule\": null\r\n    },\r\n    \"provisioningState\": \"Provisioning\",\r\n    \"createdBy\": \"{scrubbed}\",\r\n    \"error\": null,\r\n    \"creationTime\": \"2018-05-22T16:06:17.417-07:00\",\r\n    \"lastModifiedBy\": null,\r\n    \"lastModifiedTime\": \"2018-05-22T16:06:17.417-07:00\"\r\n  }\r\n}",
      "ResponseHeaders": {
        "Content-Length": [
          "1366"
        ],
        "Content-Type": [
          "application/json; charset=utf-8"
        ],
        "Expires": [
          "-1"
        ],
        "Pragma": [
          "no-cache"
        ],
        "x-ms-request-id": [
          "64c5ae02-42df-4ce5-8a4e-db4e78f9d949"
        ],
        "Strict-Transport-Security": [
          "max-age=31536000; includeSubDomains"
        ],
        "x-ms-ratelimit-remaining-subscription-reads": [
          "14991"
        ],
        "x-ms-correlation-request-id": [
          "163d4db6-01e5-4648-adc2-80e84bf9bfc5"
        ],
        "x-ms-routing-request-id": [
          "WESTUS2:20180522T230633Z:163d4db6-01e5-4648-adc2-80e84bf9bfc5"
        ],
        "X-Content-Type-Options": [
          "nosniff"
        ],
        "Cache-Control": [
          "no-cache"
        ],
        "Date": [
          "Tue, 22 May 2018 23:06:32 GMT"
        ],
        "Server": [
          "Microsoft-IIS/8.5"
        ],
        "X-AspNet-Version": [
          "4.0.30319"
        ],
        "X-Powered-By": [
          "ASP.NET"
        ]
      },
      "StatusCode": 200
    },
    {
      "RequestUri": "/subscriptions/422b6c61-95b0-4213-b3be-7282315df71d/resourceGroups/mo-resources-eus/providers/Microsoft.Automation/automationAccounts/mo-aaa-eus2/softwareUpdateConfigurations/mo-onetime-01?api-version=2017-05-15-preview",
      "EncodedRequestUri": "L3N1YnNjcmlwdGlvbnMvNDIyYjZjNjEtOTViMC00MjEzLWIzYmUtNzI4MjMxNWRmNzFkL3Jlc291cmNlR3JvdXBzL21vLXJlc291cmNlcy1ldXMvcHJvdmlkZXJzL01pY3Jvc29mdC5BdXRvbWF0aW9uL2F1dG9tYXRpb25BY2NvdW50cy9tby1hYWEtZXVzMi9zb2Z0d2FyZVVwZGF0ZUNvbmZpZ3VyYXRpb25zL21vLW9uZXRpbWUtMDE/YXBpLXZlcnNpb249MjAxNy0wNS0xNS1wcmV2aWV3",
      "RequestMethod": "GET",
      "RequestBody": "",
      "RequestHeaders": {
        "x-ms-client-request-id": [
          "fab22372-85b7-4e7f-9f3a-982b0003eda5"
        ],
        "accept-language": [
          "en-US"
        ],
        "User-Agent": [
          "FxVersion/4.7.2650.0",
          "OSName/Windows10Enterprise",
          "OSVersion/6.3.16299",
          "Microsoft.Azure.Management.Automation.AutomationClient/3.0.2.0"
        ],
        "x-ms-activity-id": [
          "52c3fd28-debc-483d-aae9-ded5071ac09b"
        ]
      },
      "ResponseBody": "{\r\n  \"id\": \"/subscriptions/422b6c61-95b0-4213-b3be-7282315df71d/resourceGroups/mo-resources-eus/providers/Microsoft.Automation/automationAccounts/mo-aaa-eus2/softwareUpdateConfigurations/mo-onetime-01\",\r\n  \"name\": \"mo-onetime-01\",\r\n  \"type\": null,\r\n  \"properties\": {\r\n    \"updateConfiguration\": {\r\n      \"operatingSystem\": \"Windows\",\r\n      \"windows\": {\r\n        \"includedUpdateClassifications\": \"Unclassified\",\r\n        \"excludedKbNumbers\": null\r\n      },\r\n      \"linux\": null,\r\n      \"duration\": \"PT2H\",\r\n      \"azureVirtualMachines\": [\r\n        \"/subscriptions/422b6c61-95b0-4213-b3be-7282315df71d/resourceGroups/mo-compute/providers/Microsoft.Compute/virtualMachines/mo-vm-w-01\",\r\n        \"/subscriptions/422b6c61-95b0-4213-b3be-7282315df71d/resourceGroups/mo-compute/providers/Microsoft.Compute/virtualMachines/mo-vm-w-02\"\r\n      ],\r\n      \"nonAzureComputerNames\": null\r\n    },\r\n    \"scheduleInfo\": {\r\n      \"description\": null,\r\n      \"startTime\": \"2018-05-22T16:16:00-07:00\",\r\n      \"startTimeOffsetMinutes\": 0.0,\r\n      \"expiryTime\": \"2018-05-22T16:16:00-07:00\",\r\n      \"expiryTimeOffsetMinutes\": 0.0,\r\n      \"isEnabled\": true,\r\n      \"nextRun\": \"2018-05-22T16:16:00-07:00\",\r\n      \"nextRunOffsetMinutes\": 0.0,\r\n      \"interval\": null,\r\n      \"frequency\": \"OneTime\",\r\n      \"creationTime\": \"2018-05-22T16:06:16.777-07:00\",\r\n      \"lastModifiedTime\": \"2018-05-22T16:06:16.777-07:00\",\r\n      \"timeZone\": \"UTC\",\r\n      \"advancedSchedule\": null\r\n    },\r\n    \"provisioningState\": \"Provisioning\",\r\n    \"createdBy\": \"{scrubbed}\",\r\n    \"error\": null,\r\n    \"creationTime\": \"2018-05-22T16:06:17.417-07:00\",\r\n    \"lastModifiedBy\": null,\r\n    \"lastModifiedTime\": \"2018-05-22T16:06:17.417-07:00\"\r\n  }\r\n}",
      "ResponseHeaders": {
        "Content-Length": [
          "1366"
        ],
        "Content-Type": [
          "application/json; charset=utf-8"
        ],
        "Expires": [
          "-1"
        ],
        "Pragma": [
          "no-cache"
        ],
        "x-ms-request-id": [
          "52c3fd28-debc-483d-aae9-ded5071ac09b"
        ],
        "Strict-Transport-Security": [
          "max-age=31536000; includeSubDomains"
        ],
        "x-ms-ratelimit-remaining-subscription-reads": [
          "14990"
        ],
        "x-ms-correlation-request-id": [
          "0c0b17d3-ff9f-43be-a9fe-df6474501a20"
        ],
        "x-ms-routing-request-id": [
          "WESTUS2:20180522T230638Z:0c0b17d3-ff9f-43be-a9fe-df6474501a20"
        ],
        "X-Content-Type-Options": [
          "nosniff"
        ],
        "Cache-Control": [
          "no-cache"
        ],
        "Date": [
          "Tue, 22 May 2018 23:06:37 GMT"
        ],
        "Server": [
          "Microsoft-IIS/8.5"
        ],
        "X-AspNet-Version": [
          "4.0.30319"
        ],
        "X-Powered-By": [
          "ASP.NET"
        ]
      },
      "StatusCode": 200
    },
    {
      "RequestUri": "/subscriptions/422b6c61-95b0-4213-b3be-7282315df71d/resourceGroups/mo-resources-eus/providers/Microsoft.Automation/automationAccounts/mo-aaa-eus2/softwareUpdateConfigurations/mo-onetime-01?api-version=2017-05-15-preview",
      "EncodedRequestUri": "L3N1YnNjcmlwdGlvbnMvNDIyYjZjNjEtOTViMC00MjEzLWIzYmUtNzI4MjMxNWRmNzFkL3Jlc291cmNlR3JvdXBzL21vLXJlc291cmNlcy1ldXMvcHJvdmlkZXJzL01pY3Jvc29mdC5BdXRvbWF0aW9uL2F1dG9tYXRpb25BY2NvdW50cy9tby1hYWEtZXVzMi9zb2Z0d2FyZVVwZGF0ZUNvbmZpZ3VyYXRpb25zL21vLW9uZXRpbWUtMDE/YXBpLXZlcnNpb249MjAxNy0wNS0xNS1wcmV2aWV3",
      "RequestMethod": "GET",
      "RequestBody": "",
      "RequestHeaders": {
        "x-ms-client-request-id": [
          "a5db3e7b-f715-48b9-8715-ca3a88118545"
        ],
        "accept-language": [
          "en-US"
        ],
        "User-Agent": [
          "FxVersion/4.7.2650.0",
          "OSName/Windows10Enterprise",
          "OSVersion/6.3.16299",
          "Microsoft.Azure.Management.Automation.AutomationClient/3.0.2.0"
        ],
        "x-ms-activity-id": [
          "ab888aba-9ac9-405f-9f61-d7be758f95cb"
        ]
      },
      "ResponseBody": "{\r\n  \"id\": \"/subscriptions/422b6c61-95b0-4213-b3be-7282315df71d/resourceGroups/mo-resources-eus/providers/Microsoft.Automation/automationAccounts/mo-aaa-eus2/softwareUpdateConfigurations/mo-onetime-01\",\r\n  \"name\": \"mo-onetime-01\",\r\n  \"type\": null,\r\n  \"properties\": {\r\n    \"updateConfiguration\": {\r\n      \"operatingSystem\": \"Windows\",\r\n      \"windows\": {\r\n        \"includedUpdateClassifications\": \"Unclassified\",\r\n        \"excludedKbNumbers\": null\r\n      },\r\n      \"linux\": null,\r\n      \"duration\": \"PT2H\",\r\n      \"azureVirtualMachines\": [\r\n        \"/subscriptions/422b6c61-95b0-4213-b3be-7282315df71d/resourceGroups/mo-compute/providers/Microsoft.Compute/virtualMachines/mo-vm-w-01\",\r\n        \"/subscriptions/422b6c61-95b0-4213-b3be-7282315df71d/resourceGroups/mo-compute/providers/Microsoft.Compute/virtualMachines/mo-vm-w-02\"\r\n      ],\r\n      \"nonAzureComputerNames\": null\r\n    },\r\n    \"scheduleInfo\": {\r\n      \"description\": null,\r\n      \"startTime\": \"2018-05-22T16:16:00-07:00\",\r\n      \"startTimeOffsetMinutes\": 0.0,\r\n      \"expiryTime\": \"2018-05-22T16:16:00-07:00\",\r\n      \"expiryTimeOffsetMinutes\": 0.0,\r\n      \"isEnabled\": true,\r\n      \"nextRun\": \"2018-05-22T16:16:00-07:00\",\r\n      \"nextRunOffsetMinutes\": 0.0,\r\n      \"interval\": null,\r\n      \"frequency\": \"OneTime\",\r\n      \"creationTime\": \"2018-05-22T16:06:16.777-07:00\",\r\n      \"lastModifiedTime\": \"2018-05-22T16:06:16.777-07:00\",\r\n      \"timeZone\": \"UTC\",\r\n      \"advancedSchedule\": null\r\n    },\r\n    \"provisioningState\": \"Provisioning\",\r\n    \"createdBy\": \"{scrubbed}\",\r\n    \"error\": null,\r\n    \"creationTime\": \"2018-05-22T16:06:17.417-07:00\",\r\n    \"lastModifiedBy\": null,\r\n    \"lastModifiedTime\": \"2018-05-22T16:06:17.417-07:00\"\r\n  }\r\n}",
      "ResponseHeaders": {
        "Content-Length": [
          "1366"
        ],
        "Content-Type": [
          "application/json; charset=utf-8"
        ],
        "Expires": [
          "-1"
        ],
        "Pragma": [
          "no-cache"
        ],
        "x-ms-request-id": [
          "ab888aba-9ac9-405f-9f61-d7be758f95cb"
        ],
        "Strict-Transport-Security": [
          "max-age=31536000; includeSubDomains"
        ],
        "x-ms-ratelimit-remaining-subscription-reads": [
          "14989"
        ],
        "x-ms-correlation-request-id": [
          "535def93-4ec3-48e0-a1c5-b767eba2fcbe"
        ],
        "x-ms-routing-request-id": [
          "WESTUS2:20180522T230643Z:535def93-4ec3-48e0-a1c5-b767eba2fcbe"
        ],
        "X-Content-Type-Options": [
          "nosniff"
        ],
        "Cache-Control": [
          "no-cache"
        ],
        "Date": [
          "Tue, 22 May 2018 23:06:42 GMT"
        ],
        "Server": [
          "Microsoft-IIS/8.5"
        ],
        "X-AspNet-Version": [
          "4.0.30319"
        ],
        "X-Powered-By": [
          "ASP.NET"
        ]
      },
      "StatusCode": 200
    },
    {
      "RequestUri": "/subscriptions/422b6c61-95b0-4213-b3be-7282315df71d/resourceGroups/mo-resources-eus/providers/Microsoft.Automation/automationAccounts/mo-aaa-eus2/softwareUpdateConfigurations/mo-onetime-01?api-version=2017-05-15-preview",
      "EncodedRequestUri": "L3N1YnNjcmlwdGlvbnMvNDIyYjZjNjEtOTViMC00MjEzLWIzYmUtNzI4MjMxNWRmNzFkL3Jlc291cmNlR3JvdXBzL21vLXJlc291cmNlcy1ldXMvcHJvdmlkZXJzL01pY3Jvc29mdC5BdXRvbWF0aW9uL2F1dG9tYXRpb25BY2NvdW50cy9tby1hYWEtZXVzMi9zb2Z0d2FyZVVwZGF0ZUNvbmZpZ3VyYXRpb25zL21vLW9uZXRpbWUtMDE/YXBpLXZlcnNpb249MjAxNy0wNS0xNS1wcmV2aWV3",
      "RequestMethod": "GET",
      "RequestBody": "",
      "RequestHeaders": {
        "x-ms-client-request-id": [
          "d7c72c3b-b300-4f4c-a243-e86aeb9e445c"
        ],
        "accept-language": [
          "en-US"
        ],
        "User-Agent": [
          "FxVersion/4.7.2650.0",
          "OSName/Windows10Enterprise",
          "OSVersion/6.3.16299",
          "Microsoft.Azure.Management.Automation.AutomationClient/3.0.2.0"
        ],
        "x-ms-activity-id": [
          "701817e0-1c81-4808-ab69-ae6419d93a48"
        ]
      },
      "ResponseBody": "{\r\n  \"id\": \"/subscriptions/422b6c61-95b0-4213-b3be-7282315df71d/resourceGroups/mo-resources-eus/providers/Microsoft.Automation/automationAccounts/mo-aaa-eus2/softwareUpdateConfigurations/mo-onetime-01\",\r\n  \"name\": \"mo-onetime-01\",\r\n  \"type\": null,\r\n  \"properties\": {\r\n    \"updateConfiguration\": {\r\n      \"operatingSystem\": \"Windows\",\r\n      \"windows\": {\r\n        \"includedUpdateClassifications\": \"Unclassified\",\r\n        \"excludedKbNumbers\": null\r\n      },\r\n      \"linux\": null,\r\n      \"duration\": \"PT2H\",\r\n      \"azureVirtualMachines\": [\r\n        \"/subscriptions/422b6c61-95b0-4213-b3be-7282315df71d/resourceGroups/mo-compute/providers/Microsoft.Compute/virtualMachines/mo-vm-w-01\",\r\n        \"/subscriptions/422b6c61-95b0-4213-b3be-7282315df71d/resourceGroups/mo-compute/providers/Microsoft.Compute/virtualMachines/mo-vm-w-02\"\r\n      ],\r\n      \"nonAzureComputerNames\": null\r\n    },\r\n    \"scheduleInfo\": {\r\n      \"description\": null,\r\n      \"startTime\": \"2018-05-22T16:16:00-07:00\",\r\n      \"startTimeOffsetMinutes\": 0.0,\r\n      \"expiryTime\": \"2018-05-22T16:16:00-07:00\",\r\n      \"expiryTimeOffsetMinutes\": 0.0,\r\n      \"isEnabled\": true,\r\n      \"nextRun\": \"2018-05-22T16:16:00-07:00\",\r\n      \"nextRunOffsetMinutes\": 0.0,\r\n      \"interval\": null,\r\n      \"frequency\": \"OneTime\",\r\n      \"creationTime\": \"2018-05-22T16:06:16.777-07:00\",\r\n      \"lastModifiedTime\": \"2018-05-22T16:06:16.777-07:00\",\r\n      \"timeZone\": \"UTC\",\r\n      \"advancedSchedule\": null\r\n    },\r\n    \"provisioningState\": \"Provisioning\",\r\n    \"createdBy\": \"{scrubbed}\",\r\n    \"error\": null,\r\n    \"creationTime\": \"2018-05-22T16:06:17.417-07:00\",\r\n    \"lastModifiedBy\": null,\r\n    \"lastModifiedTime\": \"2018-05-22T16:06:17.417-07:00\"\r\n  }\r\n}",
      "ResponseHeaders": {
        "Content-Length": [
          "1366"
        ],
        "Content-Type": [
          "application/json; charset=utf-8"
        ],
        "Expires": [
          "-1"
        ],
        "Pragma": [
          "no-cache"
        ],
        "x-ms-request-id": [
          "701817e0-1c81-4808-ab69-ae6419d93a48"
        ],
        "Strict-Transport-Security": [
          "max-age=31536000; includeSubDomains"
        ],
        "x-ms-ratelimit-remaining-subscription-reads": [
          "14988"
        ],
        "x-ms-correlation-request-id": [
          "3654da3b-8e93-4805-998b-293d99e9ec1b"
        ],
        "x-ms-routing-request-id": [
          "WESTUS2:20180522T230648Z:3654da3b-8e93-4805-998b-293d99e9ec1b"
        ],
        "X-Content-Type-Options": [
          "nosniff"
        ],
        "Cache-Control": [
          "no-cache"
        ],
        "Date": [
          "Tue, 22 May 2018 23:06:47 GMT"
        ],
        "Server": [
          "Microsoft-IIS/8.5"
        ],
        "X-AspNet-Version": [
          "4.0.30319"
        ],
        "X-Powered-By": [
          "ASP.NET"
        ]
      },
      "StatusCode": 200
    },
    {
      "RequestUri": "/subscriptions/422b6c61-95b0-4213-b3be-7282315df71d/resourceGroups/mo-resources-eus/providers/Microsoft.Automation/automationAccounts/mo-aaa-eus2/softwareUpdateConfigurations/mo-onetime-01?api-version=2017-05-15-preview",
      "EncodedRequestUri": "L3N1YnNjcmlwdGlvbnMvNDIyYjZjNjEtOTViMC00MjEzLWIzYmUtNzI4MjMxNWRmNzFkL3Jlc291cmNlR3JvdXBzL21vLXJlc291cmNlcy1ldXMvcHJvdmlkZXJzL01pY3Jvc29mdC5BdXRvbWF0aW9uL2F1dG9tYXRpb25BY2NvdW50cy9tby1hYWEtZXVzMi9zb2Z0d2FyZVVwZGF0ZUNvbmZpZ3VyYXRpb25zL21vLW9uZXRpbWUtMDE/YXBpLXZlcnNpb249MjAxNy0wNS0xNS1wcmV2aWV3",
      "RequestMethod": "GET",
      "RequestBody": "",
      "RequestHeaders": {
        "x-ms-client-request-id": [
          "9c838695-28ea-4bb3-aabb-d1450c6aeaed"
        ],
        "accept-language": [
          "en-US"
        ],
        "User-Agent": [
          "FxVersion/4.7.2650.0",
          "OSName/Windows10Enterprise",
          "OSVersion/6.3.16299",
          "Microsoft.Azure.Management.Automation.AutomationClient/3.0.2.0"
        ],
        "x-ms-activity-id": [
          "dab0919c-9930-4154-a2ec-2b3811f0f7f0"
        ]
      },
      "ResponseBody": "{\r\n  \"id\": \"/subscriptions/422b6c61-95b0-4213-b3be-7282315df71d/resourceGroups/mo-resources-eus/providers/Microsoft.Automation/automationAccounts/mo-aaa-eus2/softwareUpdateConfigurations/mo-onetime-01\",\r\n  \"name\": \"mo-onetime-01\",\r\n  \"type\": null,\r\n  \"properties\": {\r\n    \"updateConfiguration\": {\r\n      \"operatingSystem\": \"Windows\",\r\n      \"windows\": {\r\n        \"includedUpdateClassifications\": \"Unclassified\",\r\n        \"excludedKbNumbers\": null\r\n      },\r\n      \"linux\": null,\r\n      \"duration\": \"PT2H\",\r\n      \"azureVirtualMachines\": [\r\n        \"/subscriptions/422b6c61-95b0-4213-b3be-7282315df71d/resourceGroups/mo-compute/providers/Microsoft.Compute/virtualMachines/mo-vm-w-01\",\r\n        \"/subscriptions/422b6c61-95b0-4213-b3be-7282315df71d/resourceGroups/mo-compute/providers/Microsoft.Compute/virtualMachines/mo-vm-w-02\"\r\n      ],\r\n      \"nonAzureComputerNames\": null\r\n    },\r\n    \"scheduleInfo\": {\r\n      \"description\": null,\r\n      \"startTime\": \"2018-05-22T16:16:00-07:00\",\r\n      \"startTimeOffsetMinutes\": 0.0,\r\n      \"expiryTime\": \"2018-05-22T16:16:00-07:00\",\r\n      \"expiryTimeOffsetMinutes\": 0.0,\r\n      \"isEnabled\": true,\r\n      \"nextRun\": \"2018-05-22T16:16:00-07:00\",\r\n      \"nextRunOffsetMinutes\": 0.0,\r\n      \"interval\": null,\r\n      \"frequency\": \"OneTime\",\r\n      \"creationTime\": \"2018-05-22T16:06:16.777-07:00\",\r\n      \"lastModifiedTime\": \"2018-05-22T16:06:16.777-07:00\",\r\n      \"timeZone\": \"UTC\",\r\n      \"advancedSchedule\": null\r\n    },\r\n    \"provisioningState\": \"Provisioning\",\r\n    \"createdBy\": \"{scrubbed}\",\r\n    \"error\": null,\r\n    \"creationTime\": \"2018-05-22T16:06:17.417-07:00\",\r\n    \"lastModifiedBy\": null,\r\n    \"lastModifiedTime\": \"2018-05-22T16:06:17.417-07:00\"\r\n  }\r\n}",
      "ResponseHeaders": {
        "Content-Length": [
          "1366"
        ],
        "Content-Type": [
          "application/json; charset=utf-8"
        ],
        "Expires": [
          "-1"
        ],
        "Pragma": [
          "no-cache"
        ],
        "x-ms-request-id": [
          "dab0919c-9930-4154-a2ec-2b3811f0f7f0"
        ],
        "Strict-Transport-Security": [
          "max-age=31536000; includeSubDomains"
        ],
        "x-ms-ratelimit-remaining-subscription-reads": [
          "14987"
        ],
        "x-ms-correlation-request-id": [
          "3e3db4ef-a253-453b-ba43-71f2473bd4f9"
        ],
        "x-ms-routing-request-id": [
          "WESTUS2:20180522T230653Z:3e3db4ef-a253-453b-ba43-71f2473bd4f9"
        ],
        "X-Content-Type-Options": [
          "nosniff"
        ],
        "Cache-Control": [
          "no-cache"
        ],
        "Date": [
          "Tue, 22 May 2018 23:06:53 GMT"
        ],
        "Server": [
          "Microsoft-IIS/8.5"
        ],
        "X-AspNet-Version": [
          "4.0.30319"
        ],
        "X-Powered-By": [
          "ASP.NET"
        ]
      },
      "StatusCode": 200
    },
    {
      "RequestUri": "/subscriptions/422b6c61-95b0-4213-b3be-7282315df71d/resourceGroups/mo-resources-eus/providers/Microsoft.Automation/automationAccounts/mo-aaa-eus2/softwareUpdateConfigurations/mo-onetime-01?api-version=2017-05-15-preview",
      "EncodedRequestUri": "L3N1YnNjcmlwdGlvbnMvNDIyYjZjNjEtOTViMC00MjEzLWIzYmUtNzI4MjMxNWRmNzFkL3Jlc291cmNlR3JvdXBzL21vLXJlc291cmNlcy1ldXMvcHJvdmlkZXJzL01pY3Jvc29mdC5BdXRvbWF0aW9uL2F1dG9tYXRpb25BY2NvdW50cy9tby1hYWEtZXVzMi9zb2Z0d2FyZVVwZGF0ZUNvbmZpZ3VyYXRpb25zL21vLW9uZXRpbWUtMDE/YXBpLXZlcnNpb249MjAxNy0wNS0xNS1wcmV2aWV3",
      "RequestMethod": "GET",
      "RequestBody": "",
      "RequestHeaders": {
        "x-ms-client-request-id": [
          "9684f1ee-52a6-4205-bb63-85c4f74d7e65"
        ],
        "accept-language": [
          "en-US"
        ],
        "User-Agent": [
          "FxVersion/4.7.2650.0",
          "OSName/Windows10Enterprise",
          "OSVersion/6.3.16299",
          "Microsoft.Azure.Management.Automation.AutomationClient/3.0.2.0"
        ],
        "x-ms-activity-id": [
          "fb1da2ee-519d-44c6-b27d-3dcc043b32ab"
        ]
      },
      "ResponseBody": "{\r\n  \"id\": \"/subscriptions/422b6c61-95b0-4213-b3be-7282315df71d/resourceGroups/mo-resources-eus/providers/Microsoft.Automation/automationAccounts/mo-aaa-eus2/softwareUpdateConfigurations/mo-onetime-01\",\r\n  \"name\": \"mo-onetime-01\",\r\n  \"type\": null,\r\n  \"properties\": {\r\n    \"updateConfiguration\": {\r\n      \"operatingSystem\": \"Windows\",\r\n      \"windows\": {\r\n        \"includedUpdateClassifications\": \"Unclassified\",\r\n        \"excludedKbNumbers\": null\r\n      },\r\n      \"linux\": null,\r\n      \"duration\": \"PT2H\",\r\n      \"azureVirtualMachines\": [\r\n        \"/subscriptions/422b6c61-95b0-4213-b3be-7282315df71d/resourceGroups/mo-compute/providers/Microsoft.Compute/virtualMachines/mo-vm-w-01\",\r\n        \"/subscriptions/422b6c61-95b0-4213-b3be-7282315df71d/resourceGroups/mo-compute/providers/Microsoft.Compute/virtualMachines/mo-vm-w-02\"\r\n      ],\r\n      \"nonAzureComputerNames\": null\r\n    },\r\n    \"scheduleInfo\": {\r\n      \"description\": null,\r\n      \"startTime\": \"2018-05-22T16:16:00-07:00\",\r\n      \"startTimeOffsetMinutes\": 0.0,\r\n      \"expiryTime\": \"2018-05-22T16:16:00-07:00\",\r\n      \"expiryTimeOffsetMinutes\": 0.0,\r\n      \"isEnabled\": true,\r\n      \"nextRun\": \"2018-05-22T16:16:00-07:00\",\r\n      \"nextRunOffsetMinutes\": 0.0,\r\n      \"interval\": null,\r\n      \"frequency\": \"OneTime\",\r\n      \"creationTime\": \"2018-05-22T16:06:16.777-07:00\",\r\n      \"lastModifiedTime\": \"2018-05-22T16:06:16.777-07:00\",\r\n      \"timeZone\": \"UTC\",\r\n      \"advancedSchedule\": null\r\n    },\r\n    \"provisioningState\": \"Provisioning\",\r\n    \"createdBy\": \"{scrubbed}\",\r\n    \"error\": null,\r\n    \"creationTime\": \"2018-05-22T16:06:17.417-07:00\",\r\n    \"lastModifiedBy\": null,\r\n    \"lastModifiedTime\": \"2018-05-22T16:06:17.417-07:00\"\r\n  }\r\n}",
      "ResponseHeaders": {
        "Content-Length": [
          "1366"
        ],
        "Content-Type": [
          "application/json; charset=utf-8"
        ],
        "Expires": [
          "-1"
        ],
        "Pragma": [
          "no-cache"
        ],
        "x-ms-request-id": [
          "fb1da2ee-519d-44c6-b27d-3dcc043b32ab"
        ],
        "Strict-Transport-Security": [
          "max-age=31536000; includeSubDomains"
        ],
        "x-ms-ratelimit-remaining-subscription-reads": [
          "14986"
        ],
        "x-ms-correlation-request-id": [
          "b77c9b6e-26bc-4e65-aeca-a935ccfde57f"
        ],
        "x-ms-routing-request-id": [
          "WESTUS2:20180522T230658Z:b77c9b6e-26bc-4e65-aeca-a935ccfde57f"
        ],
        "X-Content-Type-Options": [
          "nosniff"
        ],
        "Cache-Control": [
          "no-cache"
        ],
        "Date": [
          "Tue, 22 May 2018 23:06:58 GMT"
        ],
        "Server": [
          "Microsoft-IIS/8.5"
        ],
        "X-AspNet-Version": [
          "4.0.30319"
        ],
        "X-Powered-By": [
          "ASP.NET"
        ]
      },
      "StatusCode": 200
    },
    {
      "RequestUri": "/subscriptions/422b6c61-95b0-4213-b3be-7282315df71d/resourceGroups/mo-resources-eus/providers/Microsoft.Automation/automationAccounts/mo-aaa-eus2/softwareUpdateConfigurations/mo-onetime-01?api-version=2017-05-15-preview",
      "EncodedRequestUri": "L3N1YnNjcmlwdGlvbnMvNDIyYjZjNjEtOTViMC00MjEzLWIzYmUtNzI4MjMxNWRmNzFkL3Jlc291cmNlR3JvdXBzL21vLXJlc291cmNlcy1ldXMvcHJvdmlkZXJzL01pY3Jvc29mdC5BdXRvbWF0aW9uL2F1dG9tYXRpb25BY2NvdW50cy9tby1hYWEtZXVzMi9zb2Z0d2FyZVVwZGF0ZUNvbmZpZ3VyYXRpb25zL21vLW9uZXRpbWUtMDE/YXBpLXZlcnNpb249MjAxNy0wNS0xNS1wcmV2aWV3",
      "RequestMethod": "GET",
      "RequestBody": "",
      "RequestHeaders": {
        "x-ms-client-request-id": [
          "2a2a861d-0ec4-4a13-b7ec-707503e4ce4e"
        ],
        "accept-language": [
          "en-US"
        ],
        "User-Agent": [
          "FxVersion/4.7.2650.0",
          "OSName/Windows10Enterprise",
          "OSVersion/6.3.16299",
          "Microsoft.Azure.Management.Automation.AutomationClient/3.0.2.0"
        ],
        "x-ms-activity-id": [
          "c8e9c7b1-23a9-4e1a-8b57-023b1a93b4bb"
        ]
      },
      "ResponseBody": "{\r\n  \"id\": \"/subscriptions/422b6c61-95b0-4213-b3be-7282315df71d/resourceGroups/mo-resources-eus/providers/Microsoft.Automation/automationAccounts/mo-aaa-eus2/softwareUpdateConfigurations/mo-onetime-01\",\r\n  \"name\": \"mo-onetime-01\",\r\n  \"type\": null,\r\n  \"properties\": {\r\n    \"updateConfiguration\": {\r\n      \"operatingSystem\": \"Windows\",\r\n      \"windows\": {\r\n        \"includedUpdateClassifications\": \"Unclassified\",\r\n        \"excludedKbNumbers\": null\r\n      },\r\n      \"linux\": null,\r\n      \"duration\": \"PT2H\",\r\n      \"azureVirtualMachines\": [\r\n        \"/subscriptions/422b6c61-95b0-4213-b3be-7282315df71d/resourceGroups/mo-compute/providers/Microsoft.Compute/virtualMachines/mo-vm-w-01\",\r\n        \"/subscriptions/422b6c61-95b0-4213-b3be-7282315df71d/resourceGroups/mo-compute/providers/Microsoft.Compute/virtualMachines/mo-vm-w-02\"\r\n      ],\r\n      \"nonAzureComputerNames\": null\r\n    },\r\n    \"scheduleInfo\": {\r\n      \"description\": null,\r\n      \"startTime\": \"2018-05-22T16:16:00-07:00\",\r\n      \"startTimeOffsetMinutes\": 0.0,\r\n      \"expiryTime\": \"2018-05-22T16:16:00-07:00\",\r\n      \"expiryTimeOffsetMinutes\": 0.0,\r\n      \"isEnabled\": true,\r\n      \"nextRun\": \"2018-05-22T16:16:00-07:00\",\r\n      \"nextRunOffsetMinutes\": 0.0,\r\n      \"interval\": null,\r\n      \"frequency\": \"OneTime\",\r\n      \"creationTime\": \"2018-05-22T16:06:16.777-07:00\",\r\n      \"lastModifiedTime\": \"2018-05-22T16:06:16.777-07:00\",\r\n      \"timeZone\": \"UTC\",\r\n      \"advancedSchedule\": null\r\n    },\r\n    \"provisioningState\": \"Succeeded\",\r\n    \"createdBy\": \"{scrubbed}\",\r\n    \"error\": null,\r\n    \"creationTime\": \"2018-05-22T16:06:17.417-07:00\",\r\n    \"lastModifiedBy\": null,\r\n    \"lastModifiedTime\": \"2018-05-22T16:07:03.717-07:00\"\r\n  }\r\n}",
      "ResponseHeaders": {
        "Content-Length": [
          "1363"
        ],
        "Content-Type": [
          "application/json; charset=utf-8"
        ],
        "Expires": [
          "-1"
        ],
        "Pragma": [
          "no-cache"
        ],
        "x-ms-request-id": [
          "c8e9c7b1-23a9-4e1a-8b57-023b1a93b4bb"
        ],
        "Strict-Transport-Security": [
          "max-age=31536000; includeSubDomains"
        ],
        "x-ms-ratelimit-remaining-subscription-reads": [
          "14985"
        ],
        "x-ms-correlation-request-id": [
          "a1cf574f-1673-465a-91e7-dd38d13a31c7"
        ],
        "x-ms-routing-request-id": [
          "WESTUS2:20180522T230704Z:a1cf574f-1673-465a-91e7-dd38d13a31c7"
        ],
        "X-Content-Type-Options": [
          "nosniff"
        ],
        "Cache-Control": [
          "no-cache"
        ],
        "Date": [
          "Tue, 22 May 2018 23:07:03 GMT"
        ],
        "Server": [
          "Microsoft-IIS/8.5"
        ],
        "X-AspNet-Version": [
          "4.0.30319"
        ],
        "X-Powered-By": [
          "ASP.NET"
        ]
      },
      "StatusCode": 200
    }
  ],
  "Names": {},
  "Variables": {
    "SubscriptionId": "422b6c61-95b0-4213-b3be-7282315df71d"
  }
}